(node:*) ExperimentalWarning: The ESM module loader is experimental.
file:///*/test/fixtures/es-module-loaders/syntax-error-import.mjs:1
import { foo, notfound } from './module-named-exports';
              ^^^^^^^^
SyntaxError: The requested module does not provide an export named 'notfound'
    at ModuleJob._instantiate (internal/loader/ModuleJob.js:*:*)
    at <anonymous>
