(node:*) ExperimentalWarning: The ESM module loader is experimental.
(Use `node --trace-warnings ...` to show where the warning was created)
file:///*/test/fixtures/es-module-loaders/syntax-error.mjs:2
await async () => 0;
^^^^^

SyntaxError: Unexpected reserved word
    at Loader.moduleStrategy (internal/modules/esm/translators.js:*:*)
