events.js:*
      throw er; // Unhandled 'error' event
      ^

Error
    at Object.<anonymous> (*events_unhandled_error_sameline.js:*:*)
    at Module._compile (module.js:*:*)
    at Object.Module._extensions..js (module.js:*:*)
    at Module.load (module.js:*:*)
    at tryModuleLoad (module.js:*:*)
    at Function.Module._load (module.js:*:*)
    at Function.Module.runMain (module.js:*:*)
    at startup (bootstrap_node.js:*:*)
    at bootstrapNodeJSCore (bootstrap_node.js:*:*)
Emitted 'error' event at:
    at Object.<anonymous> (*events_unhandled_error_sameline.js:*:*)
    at Module._compile (module.js:*:*)
    [... lines matching original stack trace ...]
    at bootstrapNodeJSCore (bootstrap_node.js:*:*)
