events.js:*
      throw er; // Unhandled 'error' event
      ^

Error: foo:bar
    at bar (*events_unhandled_error_common_trace.js:*:*)
    at foo (*events_unhandled_error_common_trace.js:*:*)
    at Object.<anonymous> (*events_unhandled_error_common_trace.js:*:*)
    at Module._compile (module.js:*:*)
    at Object.Module._extensions..js (module.js:*:*)
    at Module.load (module.js:*:*)
    at tryModuleLoad (module.js:*:*)
    at Function.Module._load (module.js:*:*)
    at Function.Module.runMain (module.js:*:*)
    at startup (bootstrap_node.js:*:*)
Emitted 'error' event at:
    at quux (*events_unhandled_error_common_trace.js:*:*)
    at Object.<anonymous> (*events_unhandled_error_common_trace.js:*:*)
    at Module._compile (module.js:*:*)
    [... lines matching original stack trace ...]
    at startup (bootstrap_node.js:*:*)
    at bootstrap_node.js:*:*
