RangeError: New Stack Frames
    at *
*[90m    at *[39m {
  [cause]: FoobarError: Individual message
      at *
  *[90m    at *[39m
  *[90m    ... 4 lines matching cause stack trace ...*[39m
  *[90m    at *[39m {
    status: *[32m'Feeling good'*[39m,
    extraProperties: *[32m'Yes!'*[39m,
    [cause]: TypeError: Inner error
        at *
    *[90m    at *[39m
    *[90m    at *[39m
    *[90m    at *[39m
    *[90m    at *[39m
    *[90m    at *[39m
    *[90m    at *[39m
  }
}
Error: Stack causes
    at *
*[90m    at *[39m
*[90m    ... 4 lines matching cause stack trace ...*[39m
*[90m    at *[39m {
  [cause]: FoobarError: Individual message
      at *
  *[90m    at *[39m
  *[90m    ... 4 lines matching cause stack trace ...*[39m
  *[90m    at *[39m {
    status: *[32m'Feeling good'*[39m,
    extraProperties: *[32m'Yes!'*[39m,
    [cause]: TypeError: Inner error
        at *
    *[90m    at *[39m
    *[90m    at *[39m
    *[90m    at *[39m
    *[90m    at *[39m
    *[90m    at *[39m
    *[90m    at *[39m
  }
}
RangeError: New Stack Frames
    at *
*[90m    at *[39m {
  [cause]: Error: Stack causes
      at *
  *[90m    at *[39m
  *[90m    ... 4 lines matching cause stack trace ...*[39m
  *[90m    at *[39m {
    [cause]: FoobarError: Individual message
        at *
    *[90m    at *[39m
    *[90m    ... 4 lines matching cause stack trace ...*[39m
    *[90m    at *[39m {
      status: *[32m'Feeling good'*[39m,
      extraProperties: *[32m'Yes!'*[39m,
      [cause]: TypeError: Inner error
          at *
      *[90m    at *[39m
      *[90m    at *[39m
      *[90m    at *[39m
      *[90m    at *[39m
      *[90m    at *[39m
      *[90m    at *[39m
    }
  }
}
RangeError: New Stack Frames
    at *
    at * {
  [cause]: FoobarError: Individual message
      at *
      at *
      ... 4 lines matching cause stack trace ...
      at * {
    status: 'Feeling good',
    extraProperties: 'Yes!',
    [cause]: TypeError: Inner error
        at *
        at *
        at *
        at *
        at *
        at *
        at *
  }
}
Error: Stack causes
    at *
    at *
    ... 4 lines matching cause stack trace ...
    at * {
  [cause]: FoobarError: Individual message
      at *
      at *
      ... 4 lines matching cause stack trace ...
      at *
    status: 'Feeling good',
    extraProperties: 'Yes!',
    [cause]: TypeError: Inner error
        at *
        at *
        at *
        at *
        at *
        at *
        at *
  }
}
RangeError: New Stack Frames
    at *
    at * {
  [cause]: Error: Stack causes
      at *
      at *
      ... 4 lines matching cause stack trace ...
      at * {
    [cause]: FoobarError: Individual message
        at *
        at *
        ... 4 lines matching cause stack trace ...
        at * {
      status: 'Feeling good',
      extraProperties: 'Yes!',
      [cause]: TypeError: Inner error
          at *
          at *
          at *
          at *
          at *
          at *
          at *
    }
  }
}
